---
source: cubesql/src/compile/mod.rs
expression: "execute_query(\"SELECT information_schema._pg_datetime_precision(1184, 3);\".to_string(),\n            DatabaseProtocol::PostgreSQL).await?"
---
+-----------------------------------------------------------------+
| information_schema._pg_datetime_precision(Int64(1184),Int64(3)) |
+-----------------------------------------------------------------+
| 3                                                               |
+-----------------------------------------------------------------+
